// Jest Snapshot v1, https://goo.gl/fbAQLP

exports[`Bookmarks renders correctly when context has bookmarks 1`] = `
<section
  className="bookmarks"
>
  <h3>
    My Bookmarks
  </h3>
  <ul>
    <li
      style={
        Object {
          "position": "relative",
        }
      }
    >
      <a
        className="btn-view"
        rel="noreferrer noopener"
        target="_blank"
      >
        Alligator
      </a>
      <button
        className="btn-remove css-vhv7r1"
        onClick={[Function]}
      >
        ×
      </button>
    </li>
    <li
      style={
        Object {
          "position": "relative",
        }
      }
    >
      <a
        className="btn-view"
        rel="noreferrer noopener"
        target="_blank"
      >
        Badger
      </a>
      <button
        className="btn-remove css-vhv7r1"
        onClick={[Function]}
      >
        ×
      </button>
    </li>
  </ul>
</section>
`;

exports[`Bookmarks renders correctly when no items bookmarked 1`] = `
<section
  className="bookmarks"
>
  <h3>
    My Bookmarks
  </h3>
  <p>
    Select and item to bookmark it.
  </p>
</section>
`;
