// Jest Snapshot v1, https://goo.gl/fbAQLP

exports[`ResourceListTableHeader Adds appropriate className and icon to current orderBy key 1`] = `
<thead
  css={
    Object {
      "map": undefined,
      "name": "1soaygs",
      "next": undefined,
      "styles": "
  thead{
    padding: 20px;
  }
  th {
    font-family: Lato,sans-serif;
  }
  th button {
    background: white;
    padding: 0;
    box-shadow: none;
    border: none;
    cursor: pointer;
    border-radius: 5px;
    &:hover, &:focus {
      text-decoration: underline;
    }
  }
  th.active button {
    font-weight: 400;
    background-color: #0acc9e;
    background-image: linear-gradient(to bottom right, #37e6bd, #0acc9e);
    color: white;
    box-shadow: 0 2px 2px 0 rgba(0,0,0,0.05);
    padding: 0 0.4025rem;
    &:hover, &:focus {
      text-decoration: none;
    }
  }
  th {
    width: 25%;
    padding-top: 0.25rem;
    padding-bottom: calc(0.25rem - 1px);
  }
",
      "toString": [Function],
    }
  }
>
  <tr>
    <th
      className=""
    >
      <button
        onClick={[Function]}
      >
        Name
         
        
      </button>
    </th>
    <th
      className="active"
    >
      <button
        onClick={[Function]}
      >
        Skill Level
         
        ↑
      </button>
    </th>
    <th
      className=""
    >
      <button
        onClick={[Function]}
      >
        Format
         
        
      </button>
    </th>
    <th
      className=""
    >
      <button
        onClick={[Function]}
      >
        Focus
         
        
      </button>
    </th>
  </tr>
</thead>
`;

exports[`ResourceListTableHeader renders correctly 1`] = `
<thead
  css={
    Object {
      "map": undefined,
      "name": "1soaygs",
      "next": undefined,
      "styles": "
  thead{
    padding: 20px;
  }
  th {
    font-family: Lato,sans-serif;
  }
  th button {
    background: white;
    padding: 0;
    box-shadow: none;
    border: none;
    cursor: pointer;
    border-radius: 5px;
    &:hover, &:focus {
      text-decoration: underline;
    }
  }
  th.active button {
    font-weight: 400;
    background-color: #0acc9e;
    background-image: linear-gradient(to bottom right, #37e6bd, #0acc9e);
    color: white;
    box-shadow: 0 2px 2px 0 rgba(0,0,0,0.05);
    padding: 0 0.4025rem;
    &:hover, &:focus {
      text-decoration: none;
    }
  }
  th {
    width: 25%;
    padding-top: 0.25rem;
    padding-bottom: calc(0.25rem - 1px);
  }
",
      "toString": [Function],
    }
  }
>
  <tr>
    <th
      className="active"
    >
      <button
        onClick={[Function]}
      >
        Name
         
        ↓
      </button>
    </th>
    <th
      className=""
    >
      <button
        onClick={[Function]}
      >
        Skill Level
         
        
      </button>
    </th>
    <th
      className=""
    >
      <button
        onClick={[Function]}
      >
        Format
         
        
      </button>
    </th>
    <th
      className=""
    >
      <button
        onClick={[Function]}
      >
        Focus
         
        
      </button>
    </th>
  </tr>
</thead>
`;
