// Jest Snapshot v1, https://goo.gl/fbAQLP

exports[`ResourceListHeader Adds appropriate className and icon to current orderBy key 1`] = `
<thead>
  <tr>
    <th
      style={
        Object {
          "textAlign": "left",
        }
      }
    >
      <button
        className="css-vhv7r1"
        onClick={[Function]}
      >
        Name
         
        
      </button>
    </th>
    <th
      style={
        Object {
          "textAlign": "left",
        }
      }
    >
      <button
        className="css-vhv7r1"
        onClick={[Function]}
      >
        Skill Level
         
        ↑
      </button>
    </th>
    <th
      style={
        Object {
          "textAlign": "left",
        }
      }
    >
      <button
        className="css-vhv7r1"
        onClick={[Function]}
      >
        Format
         
        
      </button>
    </th>
    <th
      style={
        Object {
          "textAlign": "left",
        }
      }
    >
      <button
        className="css-vhv7r1"
        onClick={[Function]}
      >
        Focus
         
        
      </button>
    </th>
  </tr>
</thead>
`;

exports[`ResourceListHeader renders correctly 1`] = `
<thead>
  <tr>
    <th
      style={
        Object {
          "textAlign": "left",
        }
      }
    >
      <button
        className="css-vhv7r1"
        onClick={[Function]}
      >
        Name
         
        ↓
      </button>
    </th>
    <th
      style={
        Object {
          "textAlign": "left",
        }
      }
    >
      <button
        className="css-vhv7r1"
        onClick={[Function]}
      >
        Skill Level
         
        
      </button>
    </th>
    <th
      style={
        Object {
          "textAlign": "left",
        }
      }
    >
      <button
        className="css-vhv7r1"
        onClick={[Function]}
      >
        Format
         
        
      </button>
    </th>
    <th
      style={
        Object {
          "textAlign": "left",
        }
      }
    >
      <button
        className="css-vhv7r1"
        onClick={[Function]}
      >
        Focus
         
        
      </button>
    </th>
  </tr>
</thead>
`;
